[include]

[libs]

[options]

[ignore]
.*/build/.*
<PROJECT_ROOT>/node_modules/xml2js/.*
<PROJECT_ROOT>/node_modules/flow-config-parser/.* # generated automatically cause dev-dependency
<PROJECT_ROOT>/node_modules/flow-config-parser2/.* # generated automatically cause dev-dependency
