[ignore]
<PROJECT_ROOT>/node_modules/flow-config-parser/.*
